hwtime.w
sham.w
obdd.w.gz
reflect.w.gz
reflect.ch.gz
hull.w
hulls.w
hullt.w
hulltr.w
hulld-ngon.ch
hulld-square.ch
hulld-unif.ch
tcalc.w.gz
decagon.w.gz
decagon-star.ch.gz
decagon-color.ch.gz
decagon-colorstar.ch.gz
antislide.w.gz
antislide-nocorner.ch.gz
antislide3.w.gz
setset.w
setset-all.w
setset-random.w
sliding.w
straighten.w
domination.w
fog2mf.w
lagfib.w
garsia-wachs.w
halftone.w
lisa-64
lisa-rot
lisa-128
lin-64
lin-rot
lin-128
lib-64
lib-rot
lib-128
dot-diff.w
lisa-512
dot-diff-eps.ch
togpap.w
dance.w
polyominoes.w
polyiamonds.w
polysticks.w
queens.w
sudoku.w
dance-random.ch
gdance.w
macmahon-triangles-sym-tile.w
xgdance.w
gdance-cutoff.ch
hamdance.w
ham.w
ssham.w
ssdiham.w
polynum.w
polyslave.w
polynum-restart.ch
polyslave-restart.ch
polyomino.mp
polyenum.w
advent.w.gz
rost.w
ran-prim.w
strongchain.w
koda-ruskey.w
li-ruskey.w
li-ruskey.mp
spiders.w
deco.5
topswops.w
topswops-fwd.w
co-debruijn.w
posets0.w
posets.w
erection.w
unavoidable.w
unavoidable2.w
grayspan.w
spspan.w
grayspspan.w
spspan.mp
spgraph.w
sand.w
zeilberger.w
francon.w
viennot.w
tcb.tex
kepler.mp
linked-trees.w
vacillate.w
embed.w
lp.w
horn-count.w
krom-count.ch
15puzzle-korf0.w
15puzzle-korf1.w
achain0.w
achain1.w
achain2.w
achain3.w
achain4.w
achain-all.w
achain-decode.w
hyperbolic.w
hyperbolic.mp
boolchains.tgz
fchains4x.w
fchains4x-dontcares.ch
tictactoe.tgz
prime-sieve.w
prime-sieve-sparse.w
prime-sieve-boot.ch
maxcliques.w
ulam.w
ulam-longlong.ch
hwb-fast.w
yplay.w
bdd12.w
bdd14.w
bddl-rgrowth.w
bdd15.w
simpath.w
simpath-reduce.w
simpath-example.tgz
simpath-cycles.ch
simpath-ham.ch
simpath-ham-any.ch
simpath-directed-cycles.w
euler-trail.w
celtic-paths.w
celtica.mf
celtica13.mf
celticb.mf
celticb13.mf
celtic-picture.1
nnncmbx.mf
dragon-calc.w
squaregraph.w
squaregraph-rand.w
treeprobs.w
treeprobs.1
graph-sig-v0.w
skew-ternary-calc.w
skew-ternary-calc.mp
random-ternary.w
random-ternary-quads.ch
skew-ternary-calc-raw.ch
dimacs-to-sat.w
sat-to-dimacs.w
sat0.w
sat0w.w
sat8.w
sat9.w
sat10.w
sat11.w
sat11k.ch
sat12.w
sat12-erp.w
sat13.w
sat-life.tgz
sat-nfa.w
SATexamples.tgz
back-20q.w
back-20q-backmod9,15.ch
back-20q-backmod9,15-indet.ch
back-mxn-words-new.w
back-mxn-words-mxn.w
../words.tgz
../wordlists.tgz
back-pdi.w
commafree-eastman.w
commafree-eastman-new.w
sat-commafree.w
back-commafree4.w
back-skeleton.w
back-dissect.w
back-graceful-kmp3.w
ulam-gibbs.w
ulam-gibbs.1
dlx1.w
queens-dlx.w
polyomino-dlx.w
polyiamond-dlx.w
polycube-dlx.w
sudoku-dlx.w
sudoku-general-dlx.w
dlx1-sudoku.ch
fillomino-dlx.w
dlx2.w
dlx-pre.w
dlx2-polyom.ch
dlx2-wordsearch.ch
dlx2-sharp.ch
dlx2-cutoff.ch
dlx2-kludge.ch
dlx2-cutoff-kludge.ch
dlx3.w
dlx3-sharp.ch
dlx3-sharp-wordcross.ch
dlx3-redrect.ch
dlx3-motley.ch
redrect-dlx.w
motley-dlx.w
queendom-dlx.w
dlx5.w
dlx6.w
dlx6-noMRV.ch
ssxc0.w
ssxc1.w
ssxcc0.w
ssxcc1.w
ssxcc2.w
ssxcc3.ch
ssxccdom.w
xccdc1.w
xccdc2.w
xccdc3.ch
infty-queens.w
graceful-count.w
graceful-count-small.ch
graceful-dlx.w
graceful-dlx-domains.ch
graceful-dlx-presets.w
squarepal.w
histoscape-count.w
histoscape-unrank.w
whirlpool-count.w
whirlpool2n-encode.w
whirlpool2n-decode.w
graph-hash.w
hopcroft-karp.w
matula.w
matula.S
matula.T
matula.ST
matula-big.ch
matula-big-planted.ch
matula-exhaustive.ch
tchoukaillon-arrays.w
offline-tree-insertion.w
floorplan-to-twintree.w
twintree-to-baxter.w
baxter-to-floorplan.w
queenon-partition.w
queenon-partition.mp
partial-latin-gad.w
partial-latin-gad-swap.ch
random-dfs-a.w
random-dfs-b.w
ssxcc.w
ssxcc-binary.w
ssxcc-wtd.ch
ssxcc-frb.ch
ssmcc.w
ssmcc-wtd.ch
ssmcc-frb.ch
rank-parade1.w
rank-parade2.w
unrank-parade1.w
unrank-parade2.w
othello.w
perfect-partition-square.w
indicator-dlx.w
xcc-benchmarks.tgz
mcc-benchmarks.tgz
tarjan-strong.w
tarjan-strong-and-weak.w
makegraph.w
makedigraph.w
